    1  09:49:13.502385 00:aa:aa:aa:aa:aa > 00:aa:aa:aa:aa:00, ethertype Arista Vendor Specific Protocol (0xd28b), length 108: SubType: 0x1, Version: 0x20, Timestamp (48-bit): Seconds 31513, Nanoseconds 563506909, ethertype 802.1Q (0x8100), length 108: vlan 2824, p 0, ethertype Unknown (0x1234), 
	0x0000:  7365 6e64 2070 6163 6b65 7420 6174 2031  send.packet.at.1
	0x0010:  3531 3938 3131 3335 3378 7878 7878 7878  519811353xxxxxxx
	0x0020:  7878 7878 7878 7878 7878 7878 7878 7878  xxxxxxxxxxxxxxxx
	0x0030:  7878 7878 7878 7878 7878 7878 7878 7878  xxxxxxxxxxxxxxxx
	0x0040:  7878 7878 7878 7878 7878 7878 7878       xxxxxxxxxxxxxx
    2  09:49:13.503056 00:aa:aa:aa:aa:aa > 00:aa:aa:aa:aa:00, ethertype Arista Vendor Specific Protocol (0xd28b), length 108: SubType: 0x1, Version: 0x20, Timestamp (48-bit): Seconds 31513, Nanoseconds 564249487, ethertype 802.1Q (0x8100), length 108: vlan 2824, p 0, ethertype Unknown (0x1234), 
	0x0000:  7365 6e64 2070 6163 6b65 7420 6174 2031  send.packet.at.1
	0x0010:  3531 3938 3131 3335 3378 7878 7878 7878  519811353xxxxxxx
	0x0020:  7878 7878 7878 7878 7878 7878 7878 7878  xxxxxxxxxxxxxxxx
	0x0030:  7878 7878 7878 7878 7878 7878 7878 7878  xxxxxxxxxxxxxxxx
	0x0040:  7878 7878 7878 7878 7878 7878 7878       xxxxxxxxxxxxxx
    3  09:49:13.503084 00:aa:aa:aa:aa:aa > 00:aa:aa:aa:aa:00, ethertype Arista Vendor Specific Protocol (0xd28b), length 108: SubType: 0x1, Version: 0x20, Timestamp (48-bit): Seconds 31513, Nanoseconds 564303157, ethertype 802.1Q (0x8100), length 108: vlan 2824, p 0, ethertype Unknown (0x1234), 
	0x0000:  7365 6e64 2070 6163 6b65 7420 6174 2031  send.packet.at.1
	0x0010:  3531 3938 3131 3335 3378 7878 7878 7878  519811353xxxxxxx
	0x0020:  7878 7878 7878 7878 7878 7878 7878 7878  xxxxxxxxxxxxxxxx
	0x0030:  7878 7878 7878 7878 7878 7878 7878 7878  xxxxxxxxxxxxxxxx
	0x0040:  7878 7878 7878 7878 7878 7878 7878       xxxxxxxxxxxxxx
    4  09:49:13.503382 00:aa:aa:aa:aa:aa > 00:aa:aa:aa:aa:00, ethertype Arista Vendor Specific Protocol (0xd28b), length 108: SubType: 0x1, Version: 0x20, Timestamp (48-bit): Seconds 31513, Nanoseconds 564537416, ethertype 802.1Q (0x8100), length 108: vlan 2824, p 0, ethertype Unknown (0x1234), 
	0x0000:  7365 6e64 2070 6163 6b65 7420 6174 2031  send.packet.at.1
	0x0010:  3531 3938 3131 3335 3378 7878 7878 7878  519811353xxxxxxx
	0x0020:  7878 7878 7878 7878 7878 7878 7878 7878  xxxxxxxxxxxxxxxx
	0x0030:  7878 7878 7878 7878 7878 7878 7878 7878  xxxxxxxxxxxxxxxx
	0x0040:  7878 7878 7878 7878 7878 7878 7878       xxxxxxxxxxxxxx
    5  09:49:13.503409 00:aa:aa:aa:aa:aa > 00:aa:aa:aa:aa:00, ethertype Arista Vendor Specific Protocol (0xd28b), length 108: SubType: 0x1, Version: 0x20, Timestamp (48-bit): Seconds 31513, Nanoseconds 564595337, ethertype 802.1Q (0x8100), length 108: vlan 2824, p 0, ethertype Unknown (0x1234), 
	0x0000:  7365 6e64 2070 6163 6b65 7420 6174 2031  send.packet.at.1
	0x0010:  3531 3938 3131 3335 3378 7878 7878 7878  519811353xxxxxxx
	0x0020:  7878 7878 7878 7878 7878 7878 7878 7878  xxxxxxxxxxxxxxxx
	0x0030:  7878 7878 7878 7878 7878 7878 7878 7878  xxxxxxxxxxxxxxxx
	0x0040:  7878 7878 7878 7878 7878 7878 7878       xxxxxxxxxxxxxx
    6  09:49:13.503683 00:aa:aa:aa:aa:aa > 00:aa:aa:aa:aa:00, ethertype Arista Vendor Specific Protocol (0xd28b), length 108: SubType: 0x1, Version: 0x20, Timestamp (48-bit): Seconds 31513, Nanoseconds 564952623, ethertype 802.1Q (0x8100), length 108: vlan 2824, p 0, ethertype Unknown (0x1234), 
	0x0000:  7365 6e64 2070 6163 6b65 7420 6174 2031  send.packet.at.1
	0x0010:  3531 3938 3131 3335 3378 7878 7878 7878  519811353xxxxxxx
	0x0020:  7878 7878 7878 7878 7878 7878 7878 7878  xxxxxxxxxxxxxxxx
	0x0030:  7878 7878 7878 7878 7878 7878 7878 7878  xxxxxxxxxxxxxxxx
	0x0040:  7878 7878 7878 7878 7878 7878 7878       xxxxxxxxxxxxxx
    7  09:49:13.503710 00:aa:aa:aa:aa:aa > 00:aa:aa:aa:aa:00, ethertype Arista Vendor Specific Protocol (0xd28b), length 108: SubType: 0x1, Version: 0x20, Timestamp (48-bit): Seconds 31513, Nanoseconds 564985054, ethertype 802.1Q (0x8100), length 108: vlan 2824, p 0, ethertype Unknown (0x1234), 
	0x0000:  7365 6e64 2070 6163 6b65 7420 6174 2031  send.packet.at.1
	0x0010:  3531 3938 3131 3335 3378 7878 7878 7878  519811353xxxxxxx
	0x0020:  7878 7878 7878 7878 7878 7878 7878 7878  xxxxxxxxxxxxxxxx
	0x0030:  7878 7878 7878 7878 7878 7878 7878 7878  xxxxxxxxxxxxxxxx
	0x0040:  7878 7878 7878 7878 7878 7878 7878       xxxxxxxxxxxxxx
    8  09:49:13.540537 00:aa:aa:aa:aa:aa > 00:aa:aa:aa:aa:00, ethertype Arista Vendor Specific Protocol (0xd28b), length 108: SubType: 0x1, Version: 0x20, Timestamp (48-bit): Seconds 31513, Nanoseconds 565266051, ethertype 802.1Q (0x8100), length 108: vlan 2824, p 0, ethertype Unknown (0x1234), 
	0x0000:  7365 6e64 2070 6163 6b65 7420 6174 2031  send.packet.at.1
	0x0010:  3531 3938 3131 3335 3378 7878 7878 7878  519811353xxxxxxx
	0x0020:  7878 7878 7878 7878 7878 7878 7878 7878  xxxxxxxxxxxxxxxx
	0x0030:  7878 7878 7878 7878 7878 7878 7878 7878  xxxxxxxxxxxxxxxx
	0x0040:  7878 7878 7878 7878 7878 7878 7878       xxxxxxxxxxxxxx
    9  09:49:13.540566 00:aa:aa:aa:aa:aa > 00:aa:aa:aa:aa:00, ethertype Arista Vendor Specific Protocol (0xd28b), length 108: SubType: 0x1, Version: 0x20, Timestamp (48-bit): Seconds 31513, Nanoseconds 565299513, ethertype 802.1Q (0x8100), length 108: vlan 2824, p 0, ethertype Unknown (0x1234), 
	0x0000:  7365 6e64 2070 6163 6b65 7420 6174 2031  send.packet.at.1
	0x0010:  3531 3938 3131 3335 3378 7878 7878 7878  519811353xxxxxxx
	0x0020:  7878 7878 7878 7878 7878 7878 7878 7878  xxxxxxxxxxxxxxxx
	0x0030:  7878 7878 7878 7878 7878 7878 7878 7878  xxxxxxxxxxxxxxxx
	0x0040:  7878 7878 7878 7878 7878 7878 7878       xxxxxxxxxxxxxx
   10  09:49:13.540584 00:aa:aa:aa:aa:aa > 00:aa:aa:aa:aa:00, ethertype Arista Vendor Specific Protocol (0xd28b), length 108: SubType: 0x1, Version: 0x20, Timestamp (48-bit): Seconds 31513, Nanoseconds 565572367, ethertype 802.1Q (0x8100), length 108: vlan 2824, p 0, ethertype Unknown (0x1234), 
	0x0000:  7365 6e64 2070 6163 6b65 7420 6174 2031  send.packet.at.1
	0x0010:  3531 3938 3131 3335 3378 7878 7878 7878  519811353xxxxxxx
	0x0020:  7878 7878 7878 7878 7878 7878 7878 7878  xxxxxxxxxxxxxxxx
	0x0030:  7878 7878 7878 7878 7878 7878 7878 7878  xxxxxxxxxxxxxxxx
	0x0040:  7878 7878 7878 7878 7878 7878 7878       xxxxxxxxxxxxxx
   11  09:49:23.197079 00:aa:aa:aa:aa:aa > 00:aa:aa:aa:aa:00, ethertype Arista Vendor Specific Protocol (0xd28b), length 110: SubType: 0x1, Version: 0x10, Timestamp TAI(64-bit): Seconds: 1519811363, Nanoseconds: 258347943, ethertype 802.1Q (0x8100), length 110: vlan 2824, p 0, ethertype Unknown (0x1234), 
	0x0000:  7365 6e64 2070 6163 6b65 7420 6174 2031  send.packet.at.1
	0x0010:  3531 3938 3131 3336 3378 7878 7878 7878  519811363xxxxxxx
	0x0020:  7878 7878 7878 7878 7878 7878 7878 7878  xxxxxxxxxxxxxxxx
	0x0030:  7878 7878 7878 7878 7878 7878 7878 7878  xxxxxxxxxxxxxxxx
	0x0040:  7878 7878 7878 7878 7878 7878 7878       xxxxxxxxxxxxxx
   12  09:49:23.197830 00:aa:aa:aa:aa:aa > 00:aa:aa:aa:aa:00, ethertype Arista Vendor Specific Protocol (0xd28b), length 110: SubType: 0x1, Version: 0x10, Timestamp TAI(64-bit): Seconds: 1519811363, Nanoseconds: 258995157, ethertype 802.1Q (0x8100), length 110: vlan 2824, p 0, ethertype Unknown (0x1234), 
	0x0000:  7365 6e64 2070 6163 6b65 7420 6174 2031  send.packet.at.1
	0x0010:  3531 3938 3131 3336 3378 7878 7878 7878  519811363xxxxxxx
	0x0020:  7878 7878 7878 7878 7878 7878 7878 7878  xxxxxxxxxxxxxxxx
	0x0030:  7878 7878 7878 7878 7878 7878 7878 7878  xxxxxxxxxxxxxxxx
	0x0040:  7878 7878 7878 7878 7878 7878 7878       xxxxxxxxxxxxxx
   13  09:49:23.197869 00:aa:aa:aa:aa:aa > 00:aa:aa:aa:aa:00, ethertype Arista Vendor Specific Protocol (0xd28b), length 110: SubType: 0x1, Version: 0x10, Timestamp TAI(64-bit): Seconds: 1519811363, Nanoseconds: 259036383, ethertype 802.1Q (0x8100), length 110: vlan 2824, p 0, ethertype Unknown (0x1234), 
	0x0000:  7365 6e64 2070 6163 6b65 7420 6174 2031  send.packet.at.1
	0x0010:  3531 3938 3131 3336 3378 7878 7878 7878  519811363xxxxxxx
	0x0020:  7878 7878 7878 7878 7878 7878 7878 7878  xxxxxxxxxxxxxxxx
	0x0030:  7878 7878 7878 7878 7878 7878 7878 7878  xxxxxxxxxxxxxxxx
	0x0040:  7878 7878 7878 7878 7878 7878 7878       xxxxxxxxxxxxxx
   14  09:49:23.197883 00:aa:aa:aa:aa:aa > 00:aa:aa:aa:aa:00, ethertype Arista Vendor Specific Protocol (0xd28b), length 110: SubType: 0x1, Version: 0x10, Timestamp TAI(64-bit): Seconds: 1519811363, Nanoseconds: 259107948, ethertype 802.1Q (0x8100), length 110: vlan 2824, p 0, ethertype Unknown (0x1234), 
	0x0000:  7365 6e64 2070 6163 6b65 7420 6174 2031  send.packet.at.1
	0x0010:  3531 3938 3131 3336 3378 7878 7878 7878  519811363xxxxxxx
	0x0020:  7878 7878 7878 7878 7878 7878 7878 7878  xxxxxxxxxxxxxxxx
	0x0030:  7878 7878 7878 7878 7878 7878 7878 7878  xxxxxxxxxxxxxxxx
	0x0040:  7878 7878 7878 7878 7878 7878 7878       xxxxxxxxxxxxxx
   15  09:49:23.198131 00:aa:aa:aa:aa:aa > 00:aa:aa:aa:aa:00, ethertype Arista Vendor Specific Protocol (0xd28b), length 110: SubType: 0x1, Version: 0x10, Timestamp TAI(64-bit): Seconds: 1519811363, Nanoseconds: 259309644, ethertype 802.1Q (0x8100), length 110: vlan 2824, p 0, ethertype Unknown (0x1234), 
	0x0000:  7365 6e64 2070 6163 6b65 7420 6174 2031  send.packet.at.1
	0x0010:  3531 3938 3131 3336 3378 7878 7878 7878  519811363xxxxxxx
	0x0020:  7878 7878 7878 7878 7878 7878 7878 7878  xxxxxxxxxxxxxxxx
	0x0030:  7878 7878 7878 7878 7878 7878 7878 7878  xxxxxxxxxxxxxxxx
	0x0040:  7878 7878 7878 7878 7878 7878 7878       xxxxxxxxxxxxxx
   16  09:49:23.198687 00:aa:aa:aa:aa:aa > 00:aa:aa:aa:aa:00, ethertype Arista Vendor Specific Protocol (0xd28b), length 110: SubType: 0x1, Version: 0x10, Timestamp TAI(64-bit): Seconds: 1519811363, Nanoseconds: 259686617, ethertype 802.1Q (0x8100), length 110: vlan 2824, p 0, ethertype Unknown (0x1234), 
	0x0000:  7365 6e64 2070 6163 6b65 7420 6174 2031  send.packet.at.1
	0x0010:  3531 3938 3131 3336 3378 7878 7878 7878  519811363xxxxxxx
	0x0020:  7878 7878 7878 7878 7878 7878 7878 7878  xxxxxxxxxxxxxxxx
	0x0030:  7878 7878 7878 7878 7878 7878 7878 7878  xxxxxxxxxxxxxxxx
	0x0040:  7878 7878 7878 7878 7878 7878 7878       xxxxxxxxxxxxxx
   17  09:49:23.198707 00:aa:aa:aa:aa:aa > 00:aa:aa:aa:aa:00, ethertype Arista Vendor Specific Protocol (0xd28b), length 110: SubType: 0x1, Version: 0x10, Timestamp TAI(64-bit): Seconds: 1519811363, Nanoseconds: 259731524, ethertype 802.1Q (0x8100), length 110: vlan 2824, p 0, ethertype Unknown (0x1234), 
	0x0000:  7365 6e64 2070 6163 6b65 7420 6174 2031  send.packet.at.1
	0x0010:  3531 3938 3131 3336 3378 7878 7878 7878  519811363xxxxxxx
	0x0020:  7878 7878 7878 7878 7878 7878 7878 7878  xxxxxxxxxxxxxxxx
	0x0030:  7878 7878 7878 7878 7878 7878 7878 7878  xxxxxxxxxxxxxxxx
	0x0040:  7878 7878 7878 7878 7878 7878 7878       xxxxxxxxxxxxxx
   18  09:49:23.198721 00:aa:aa:aa:aa:aa > 00:aa:aa:aa:aa:00, ethertype Arista Vendor Specific Protocol (0xd28b), length 110: SubType: 0x1, Version: 0x10, Timestamp TAI(64-bit): Seconds: 1519811363, Nanoseconds: 259768018, ethertype 802.1Q (0x8100), length 110: vlan 2824, p 0, ethertype Unknown (0x1234), 
	0x0000:  7365 6e64 2070 6163 6b65 7420 6174 2031  send.packet.at.1
	0x0010:  3531 3938 3131 3336 3378 7878 7878 7878  519811363xxxxxxx
	0x0020:  7878 7878 7878 7878 7878 7878 7878 7878  xxxxxxxxxxxxxxxx
	0x0030:  7878 7878 7878 7878 7878 7878 7878 7878  xxxxxxxxxxxxxxxx
	0x0040:  7878 7878 7878 7878 7878 7878 7878       xxxxxxxxxxxxxx
   19  09:49:23.198737 00:aa:aa:aa:aa:aa > 00:aa:aa:aa:aa:00, ethertype Arista Vendor Specific Protocol (0xd28b), length 110: SubType: 0x1, Version: 0x10, Timestamp TAI(64-bit): Seconds: 1519811363, Nanoseconds: 260039319, ethertype 802.1Q (0x8100), length 110: vlan 2824, p 0, ethertype Unknown (0x1234), 
	0x0000:  7365 6e64 2070 6163 6b65 7420 6174 2031  send.packet.at.1
	0x0010:  3531 3938 3131 3336 3378 7878 7878 7878  519811363xxxxxxx
	0x0020:  7878 7878 7878 7878 7878 7878 7878 7878  xxxxxxxxxxxxxxxx
	0x0030:  7878 7878 7878 7878 7878 7878 7878 7878  xxxxxxxxxxxxxxxx
	0x0040:  7878 7878 7878 7878 7878 7878 7878       xxxxxxxxxxxxxx
   20  09:49:23.198947 00:aa:aa:aa:aa:aa > 00:aa:aa:aa:aa:00, ethertype Arista Vendor Specific Protocol (0xd28b), length 110: SubType: 0x1, Version: 0x10, Timestamp TAI(64-bit): Seconds: 1519811363, Nanoseconds: 260072262, ethertype 802.1Q (0x8100), length 110: vlan 2824, p 0, ethertype Unknown (0x1234), 
	0x0000:  7365 6e64 2070 6163 6b65 7420 6174 2031  send.packet.at.1
	0x0010:  3531 3938 3131 3336 3378 7878 7878 7878  519811363xxxxxxx
	0x0020:  7878 7878 7878 7878 7878 7878 7878 7878  xxxxxxxxxxxxxxxx
	0x0030:  7878 7878 7878 7878 7878 7878 7878 7878  xxxxxxxxxxxxxxxx
	0x0040:  7878 7878 7878 7878 7878 7878 7878       xxxxxxxxxxxxxx
   21  09:49:31.631640 00:aa:aa:aa:aa:aa > 00:aa:aa:aa:aa:00, ethertype 802.1Q (0x8100), length 96: vlan 2824, p 0, ethertype Unknown (0x1234), 
	0x0000:  7365 6e64 2070 6163 6b65 7420 6174 2031  send.packet.at.1
	0x0010:  3531 3938 3131 3337 3178 7878 7878 7878  519811371xxxxxxx
	0x0020:  7878 7878 7878 7878 7878 7878 7878 7878  xxxxxxxxxxxxxxxx
	0x0030:  7878 7878 7878 7878 7878 7878 7878 7878  xxxxxxxxxxxxxxxx
	0x0040:  7878 7878 7878 7878 7878 7878 7878       xxxxxxxxxxxxxx
   22  09:49:31.632305 00:aa:aa:aa:aa:aa > 00:aa:aa:aa:aa:00, ethertype 802.1Q (0x8100), length 96: vlan 2824, p 0, ethertype Unknown (0x1234), 
	0x0000:  7365 6e64 2070 6163 6b65 7420 6174 2031  send.packet.at.1
	0x0010:  3531 3938 3131 3337 3178 7878 7878 7878  519811371xxxxxxx
	0x0020:  7878 7878 7878 7878 7878 7878 7878 7878  xxxxxxxxxxxxxxxx
	0x0030:  7878 7878 7878 7878 7878 7878 7878 7878  xxxxxxxxxxxxxxxx
	0x0040:  7878 7878 7878 7878 7878 7878 7878       xxxxxxxxxxxxxx
   23  09:49:31.632324 00:aa:aa:aa:aa:aa > 00:aa:aa:aa:aa:00, ethertype 802.1Q (0x8100), length 96: vlan 2824, p 0, ethertype Unknown (0x1234), 
	0x0000:  7365 6e64 2070 6163 6b65 7420 6174 2031  send.packet.at.1
	0x0010:  3531 3938 3131 3337 3178 7878 7878 7878  519811371xxxxxxx
	0x0020:  7878 7878 7878 7878 7878 7878 7878 7878  xxxxxxxxxxxxxxxx
	0x0030:  7878 7878 7878 7878 7878 7878 7878 7878  xxxxxxxxxxxxxxxx
	0x0040:  7878 7878 7878 7878 7878 7878 7878       xxxxxxxxxxxxxx
   24  09:49:31.632594 00:aa:aa:aa:aa:aa > 00:aa:aa:aa:aa:00, ethertype 802.1Q (0x8100), length 96: vlan 2824, p 0, ethertype Unknown (0x1234), 
	0x0000:  7365 6e64 2070 6163 6b65 7420 6174 2031  send.packet.at.1
	0x0010:  3531 3938 3131 3337 3178 7878 7878 7878  519811371xxxxxxx
	0x0020:  7878 7878 7878 7878 7878 7878 7878 7878  xxxxxxxxxxxxxxxx
	0x0030:  7878 7878 7878 7878 7878 7878 7878 7878  xxxxxxxxxxxxxxxx
	0x0040:  7878 7878 7878 7878 7878 7878 7878       xxxxxxxxxxxxxx
   25  09:49:31.632614 00:aa:aa:aa:aa:aa > 00:aa:aa:aa:aa:00, ethertype 802.1Q (0x8100), length 96: vlan 2824, p 0, ethertype Unknown (0x1234), 
	0x0000:  7365 6e64 2070 6163 6b65 7420 6174 2031  send.packet.at.1
	0x0010:  3531 3938 3131 3337 3178 7878 7878 7878  519811371xxxxxxx
	0x0020:  7878 7878 7878 7878 7878 7878 7878 7878  xxxxxxxxxxxxxxxx
	0x0030:  7878 7878 7878 7878 7878 7878 7878 7878  xxxxxxxxxxxxxxxx
	0x0040:  7878 7878 7878 7878 7878 7878 7878       xxxxxxxxxxxxxx
   26  09:49:31.632631 00:aa:aa:aa:aa:aa > 00:aa:aa:aa:aa:00, ethertype 802.1Q (0x8100), length 96: vlan 2824, p 0, ethertype Unknown (0x1234), 
	0x0000:  7365 6e64 2070 6163 6b65 7420 6174 2031  send.packet.at.1
	0x0010:  3531 3938 3131 3337 3178 7878 7878 7878  519811371xxxxxxx
	0x0020:  7878 7878 7878 7878 7878 7878 7878 7878  xxxxxxxxxxxxxxxx
	0x0030:  7878 7878 7878 7878 7878 7878 7878 7878  xxxxxxxxxxxxxxxx
	0x0040:  7878 7878 7878 7878 7878 7878 7878       xxxxxxxxxxxxxx
   27  09:49:31.632960 00:aa:aa:aa:aa:aa > 00:aa:aa:aa:aa:00, ethertype 802.1Q (0x8100), length 96: vlan 2824, p 0, ethertype Unknown (0x1234), 
	0x0000:  7365 6e64 2070 6163 6b65 7420 6174 2031  send.packet.at.1
	0x0010:  3531 3938 3131 3337 3178 7878 7878 7878  519811371xxxxxxx
	0x0020:  7878 7878 7878 7878 7878 7878 7878 7878  xxxxxxxxxxxxxxxx
	0x0030:  7878 7878 7878 7878 7878 7878 7878 7878  xxxxxxxxxxxxxxxx
	0x0040:  7878 7878 7878 7878 7878 7878 7878       xxxxxxxxxxxxxx
   28  09:49:31.633567 00:aa:aa:aa:aa:aa > 00:aa:aa:aa:aa:00, ethertype 802.1Q (0x8100), length 96: vlan 2824, p 0, ethertype Unknown (0x1234), 
	0x0000:  7365 6e64 2070 6163 6b65 7420 6174 2031  send.packet.at.1
	0x0010:  3531 3938 3131 3337 3178 7878 7878 7878  519811371xxxxxxx
	0x0020:  7878 7878 7878 7878 7878 7878 7878 7878  xxxxxxxxxxxxxxxx
	0x0030:  7878 7878 7878 7878 7878 7878 7878 7878  xxxxxxxxxxxxxxxx
	0x0040:  7878 7878 7878 7878 7878 7878 7878       xxxxxxxxxxxxxx
   29  09:49:31.633576 00:aa:aa:aa:aa:aa > 00:aa:aa:aa:aa:00, ethertype 802.1Q (0x8100), length 96: vlan 2824, p 0, ethertype Unknown (0x1234), 
	0x0000:  7365 6e64 2070 6163 6b65 7420 6174 2031  send.packet.at.1
	0x0010:  3531 3938 3131 3337 3178 7878 7878 7878  519811371xxxxxxx
	0x0020:  7878 7878 7878 7878 7878 7878 7878 7878  xxxxxxxxxxxxxxxx
	0x0030:  7878 7878 7878 7878 7878 7878 7878 7878  xxxxxxxxxxxxxxxx
	0x0040:  7878 7878 7878 7878 7878 7878 7878       xxxxxxxxxxxxxx
   30  09:49:31.672566 00:aa:aa:aa:aa:aa > 00:aa:aa:aa:aa:00, ethertype 802.1Q (0x8100), length 96: vlan 2824, p 0, ethertype Unknown (0x1234), 
	0x0000:  7365 6e64 2070 6163 6b65 7420 6174 2031  send.packet.at.1
	0x0010:  3531 3938 3131 3337 3178 7878 7878 7878  519811371xxxxxxx
	0x0020:  7878 7878 7878 7878 7878 7878 7878 7878  xxxxxxxxxxxxxxxx
	0x0030:  7878 7878 7878 7878 7878 7878 7878 7878  xxxxxxxxxxxxxxxx
	0x0040:  7878 7878 7878 7878 7878 7878 7878       xxxxxxxxxxxxxx
   31  09:49:40.292546 00:aa:aa:aa:aa:aa > 00:aa:aa:aa:aa:00, ethertype Arista Vendor Specific Protocol (0xd28b), length 110: SubType: 0x1, Version: 0x10, Timestamp TAI(64-bit): Seconds: 1519811380, Nanoseconds: 353715838, ethertype 802.1Q (0x8100), length 110: vlan 2824, p 0, ethertype Unknown (0x1234), 
	0x0000:  7365 6e64 2070 6163 6b65 7420 6174 2031  send.packet.at.1
	0x0010:  3531 3938 3131 3338 3078 7878 7878 7878  519811380xxxxxxx
	0x0020:  7878 7878 7878 7878 7878 7878 7878 7878  xxxxxxxxxxxxxxxx
	0x0030:  7878 7878 7878 7878 7878 7878 7878 7878  xxxxxxxxxxxxxxxx
	0x0040:  7878 7878 7878 7878 7878 7878 7878       xxxxxxxxxxxxxx
   32  09:49:40.293312 00:aa:aa:aa:aa:aa > 00:aa:aa:aa:aa:00, ethertype Arista Vendor Specific Protocol (0xd28b), length 110: SubType: 0x1, Version: 0x10, Timestamp TAI(64-bit): Seconds: 1519811380, Nanoseconds: 354424234, ethertype 802.1Q (0x8100), length 110: vlan 2824, p 0, ethertype Unknown (0x1234), 
	0x0000:  7365 6e64 2070 6163 6b65 7420 6174 2031  send.packet.at.1
	0x0010:  3531 3938 3131 3338 3078 7878 7878 7878  519811380xxxxxxx
	0x0020:  7878 7878 7878 7878 7878 7878 7878 7878  xxxxxxxxxxxxxxxx
	0x0030:  7878 7878 7878 7878 7878 7878 7878 7878  xxxxxxxxxxxxxxxx
	0x0040:  7878 7878 7878 7878 7878 7878 7878       xxxxxxxxxxxxxx
   33  09:49:40.293337 00:aa:aa:aa:aa:aa > 00:aa:aa:aa:aa:00, ethertype Arista Vendor Specific Protocol (0xd28b), length 110: SubType: 0x1, Version: 0x10, Timestamp TAI(64-bit): Seconds: 1519811380, Nanoseconds: 354477424, ethertype 802.1Q (0x8100), length 110: vlan 2824, p 0, ethertype Unknown (0x1234), 
	0x0000:  7365 6e64 2070 6163 6b65 7420 6174 2031  send.packet.at.1
	0x0010:  3531 3938 3131 3338 3078 7878 7878 7878  519811380xxxxxxx
	0x0020:  7878 7878 7878 7878 7878 7878 7878 7878  xxxxxxxxxxxxxxxx
	0x0030:  7878 7878 7878 7878 7878 7878 7878 7878  xxxxxxxxxxxxxxxx
	0x0040:  7878 7878 7878 7878 7878 7878 7878       xxxxxxxxxxxxxx
   34  09:49:40.293630 00:aa:aa:aa:aa:aa > 00:aa:aa:aa:aa:00, ethertype Arista Vendor Specific Protocol (0xd28b), length 110: SubType: 0x1, Version: 0x10, Timestamp TAI(64-bit): Seconds: 1519811380, Nanoseconds: 354515378, ethertype 802.1Q (0x8100), length 110: vlan 2824, p 0, ethertype Unknown (0x1234), 
	0x0000:  7365 6e64 2070 6163 6b65 7420 6174 2031  send.packet.at.1
	0x0010:  3531 3938 3131 3338 3078 7878 7878 7878  519811380xxxxxxx
	0x0020:  7878 7878 7878 7878 7878 7878 7878 7878  xxxxxxxxxxxxxxxx
	0x0030:  7878 7878 7878 7878 7878 7878 7878 7878  xxxxxxxxxxxxxxxx
	0x0040:  7878 7878 7878 7878 7878 7878 7878       xxxxxxxxxxxxxx
   35  09:49:40.293667 00:aa:aa:aa:aa:aa > 00:aa:aa:aa:aa:00, ethertype Arista Vendor Specific Protocol (0xd28b), length 110: SubType: 0x1, Version: 0x10, Timestamp TAI(64-bit): Seconds: 1519811380, Nanoseconds: 354764592, ethertype 802.1Q (0x8100), length 110: vlan 2824, p 0, ethertype Unknown (0x1234), 
	0x0000:  7365 6e64 2070 6163 6b65 7420 6174 2031  send.packet.at.1
	0x0010:  3531 3938 3131 3338 3078 7878 7878 7878  519811380xxxxxxx
	0x0020:  7878 7878 7878 7878 7878 7878 7878 7878  xxxxxxxxxxxxxxxx
	0x0030:  7878 7878 7878 7878 7878 7878 7878 7878  xxxxxxxxxxxxxxxx
	0x0040:  7878 7878 7878 7878 7878 7878 7878       xxxxxxxxxxxxxx
   36  09:49:40.332493 00:aa:aa:aa:aa:aa > 00:aa:aa:aa:aa:00, ethertype Arista Vendor Specific Protocol (0xd28b), length 110: SubType: 0x1, Version: 0x10, Timestamp TAI(64-bit): Seconds: 1519811380, Nanoseconds: 354822114, ethertype 802.1Q (0x8100), length 110: vlan 2824, p 0, ethertype Unknown (0x1234), 
	0x0000:  7365 6e64 2070 6163 6b65 7420 6174 2031  send.packet.at.1
	0x0010:  3531 3938 3131 3338 3078 7878 7878 7878  519811380xxxxxxx
	0x0020:  7878 7878 7878 7878 7878 7878 7878 7878  xxxxxxxxxxxxxxxx
	0x0030:  7878 7878 7878 7878 7878 7878 7878 7878  xxxxxxxxxxxxxxxx
	0x0040:  7878 7878 7878 7878 7878 7878 7878       xxxxxxxxxxxxxx
   37  09:49:40.332525 00:aa:aa:aa:aa:aa > 00:aa:aa:aa:aa:00, ethertype Arista Vendor Specific Protocol (0xd28b), length 110: SubType: 0x1, Version: 0x10, Timestamp TAI(64-bit): Seconds: 1519811380, Nanoseconds: 355179128, ethertype 802.1Q (0x8100), length 110: vlan 2824, p 0, ethertype Unknown (0x1234), 
	0x0000:  7365 6e64 2070 6163 6b65 7420 6174 2031  send.packet.at.1
	0x0010:  3531 3938 3131 3338 3078 7878 7878 7878  519811380xxxxxxx
	0x0020:  7878 7878 7878 7878 7878 7878 7878 7878  xxxxxxxxxxxxxxxx
	0x0030:  7878 7878 7878 7878 7878 7878 7878 7878  xxxxxxxxxxxxxxxx
	0x0040:  7878 7878 7878 7878 7878 7878 7878       xxxxxxxxxxxxxx
   38  09:49:40.332550 00:aa:aa:aa:aa:aa > 00:aa:aa:aa:aa:00, ethertype Arista Vendor Specific Protocol (0xd28b), length 110: SubType: 0x1, Version: 0x10, Timestamp TAI(64-bit): Seconds: 1519811380, Nanoseconds: 355212071, ethertype 802.1Q (0x8100), length 110: vlan 2824, p 0, ethertype Unknown (0x1234), 
	0x0000:  7365 6e64 2070 6163 6b65 7420 6174 2031  send.packet.at.1
	0x0010:  3531 3938 3131 3338 3078 7878 7878 7878  519811380xxxxxxx
	0x0020:  7878 7878 7878 7878 7878 7878 7878 7878  xxxxxxxxxxxxxxxx
	0x0030:  7878 7878 7878 7878 7878 7878 7878 7878  xxxxxxxxxxxxxxxx
	0x0040:  7878 7878 7878 7878 7878 7878 7878       xxxxxxxxxxxxxx
   39  09:49:40.332574 00:aa:aa:aa:aa:aa > 00:aa:aa:aa:aa:00, ethertype Arista Vendor Specific Protocol (0xd28b), length 110: SubType: 0x1, Version: 0x10, Timestamp TAI(64-bit): Seconds: 1519811380, Nanoseconds: 355484292, ethertype 802.1Q (0x8100), length 110: vlan 2824, p 0, ethertype Unknown (0x1234), 
	0x0000:  7365 6e64 2070 6163 6b65 7420 6174 2031  send.packet.at.1
	0x0010:  3531 3938 3131 3338 3078 7878 7878 7878  519811380xxxxxxx
	0x0020:  7878 7878 7878 7878 7878 7878 7878 7878  xxxxxxxxxxxxxxxx
	0x0030:  7878 7878 7878 7878 7878 7878 7878 7878  xxxxxxxxxxxxxxxx
	0x0040:  7878 7878 7878 7878 7878 7878 7878       xxxxxxxxxxxxxx
   40  09:49:40.332596 00:aa:aa:aa:aa:aa > 00:aa:aa:aa:aa:00, ethertype Arista Vendor Specific Protocol (0xd28b), length 110: SubType: 0x1, Version: 0x10, Timestamp TAI(64-bit): Seconds: 1519811380, Nanoseconds: 355522106, ethertype 802.1Q (0x8100), length 110: vlan 2824, p 0, ethertype Unknown (0x1234), 
	0x0000:  7365 6e64 2070 6163 6b65 7420 6174 2031  send.packet.at.1
	0x0010:  3531 3938 3131 3338 3078 7878 7878 7878  519811380xxxxxxx
	0x0020:  7878 7878 7878 7878 7878 7878 7878 7878  xxxxxxxxxxxxxxxx
	0x0030:  7878 7878 7878 7878 7878 7878 7878 7878  xxxxxxxxxxxxxxxx
	0x0040:  7878 7878 7878 7878 7878 7878 7878       xxxxxxxxxxxxxx
   41  09:49:50.735595 00:aa:aa:aa:aa:aa > 00:aa:aa:aa:aa:00, ethertype 802.1Q (0x8100), length 96: vlan 2824, p 0, ethertype Unknown (0x1234), 
	0x0000:  7365 6e64 2070 6163 6b65 7420 6174 2031  send.packet.at.1
	0x0010:  3531 3938 3131 3339 3078 7878 7878 7878  519811390xxxxxxx
	0x0020:  7878 7878 7878 7878 7878 7878 7878 7878  xxxxxxxxxxxxxxxx
	0x0030:  7878 7878 7878 7878 7878 7878 7878 7878  xxxxxxxxxxxxxxxx
	0x0040:  7878 7878 7878 7878 7878 7878 7878       xxxxxxxxxxxxxx
   42  09:49:50.736338 00:aa:aa:aa:aa:aa > 00:aa:aa:aa:aa:00, ethertype 802.1Q (0x8100), length 96: vlan 2824, p 0, ethertype Unknown (0x1234), 
	0x0000:  7365 6e64 2070 6163 6b65 7420 6174 2031  send.packet.at.1
	0x0010:  3531 3938 3131 3339 3078 7878 7878 7878  519811390xxxxxxx
	0x0020:  7878 7878 7878 7878 7878 7878 7878 7878  xxxxxxxxxxxxxxxx
	0x0030:  7878 7878 7878 7878 7878 7878 7878 7878  xxxxxxxxxxxxxxxx
	0x0040:  7878 7878 7878 7878 7878 7878 7878       xxxxxxxxxxxxxx
   43  09:49:50.736369 00:aa:aa:aa:aa:aa > 00:aa:aa:aa:aa:00, ethertype 802.1Q (0x8100), length 96: vlan 2824, p 0, ethertype Unknown (0x1234), 
	0x0000:  7365 6e64 2070 6163 6b65 7420 6174 2031  send.packet.at.1
	0x0010:  3531 3938 3131 3339 3078 7878 7878 7878  519811390xxxxxxx
	0x0020:  7878 7878 7878 7878 7878 7878 7878 7878  xxxxxxxxxxxxxxxx
	0x0030:  7878 7878 7878 7878 7878 7878 7878 7878  xxxxxxxxxxxxxxxx
	0x0040:  7878 7878 7878 7878 7878 7878 7878       xxxxxxxxxxxxxx
   44  09:49:50.736639 00:aa:aa:aa:aa:aa > 00:aa:aa:aa:aa:00, ethertype 802.1Q (0x8100), length 96: vlan 2824, p 0, ethertype Unknown (0x1234), 
	0x0000:  7365 6e64 2070 6163 6b65 7420 6174 2031  send.packet.at.1
	0x0010:  3531 3938 3131 3339 3078 7878 7878 7878  519811390xxxxxxx
	0x0020:  7878 7878 7878 7878 7878 7878 7878 7878  xxxxxxxxxxxxxxxx
	0x0030:  7878 7878 7878 7878 7878 7878 7878 7878  xxxxxxxxxxxxxxxx
	0x0040:  7878 7878 7878 7878 7878 7878 7878       xxxxxxxxxxxxxx
   45  09:49:50.736675 00:aa:aa:aa:aa:aa > 00:aa:aa:aa:aa:00, ethertype 802.1Q (0x8100), length 96: vlan 2824, p 0, ethertype Unknown (0x1234), 
	0x0000:  7365 6e64 2070 6163 6b65 7420 6174 2031  send.packet.at.1
	0x0010:  3531 3938 3131 3339 3078 7878 7878 7878  519811390xxxxxxx
	0x0020:  7878 7878 7878 7878 7878 7878 7878 7878  xxxxxxxxxxxxxxxx
	0x0030:  7878 7878 7878 7878 7878 7878 7878 7878  xxxxxxxxxxxxxxxx
	0x0040:  7878 7878 7878 7878 7878 7878 7878       xxxxxxxxxxxxxx
   46  09:49:50.776533 00:aa:aa:aa:aa:aa > 00:aa:aa:aa:aa:00, ethertype 802.1Q (0x8100), length 96: vlan 2824, p 0, ethertype Unknown (0x1234), 
	0x0000:  7365 6e64 2070 6163 6b65 7420 6174 2031  send.packet.at.1
	0x0010:  3531 3938 3131 3339 3078 7878 7878 7878  519811390xxxxxxx
	0x0020:  7878 7878 7878 7878 7878 7878 7878 7878  xxxxxxxxxxxxxxxx
	0x0030:  7878 7878 7878 7878 7878 7878 7878 7878  xxxxxxxxxxxxxxxx
	0x0040:  7878 7878 7878 7878 7878 7878 7878       xxxxxxxxxxxxxx
   47  09:49:50.776562 00:aa:aa:aa:aa:aa > 00:aa:aa:aa:aa:00, ethertype 802.1Q (0x8100), length 96: vlan 2824, p 0, ethertype Unknown (0x1234), 
	0x0000:  7365 6e64 2070 6163 6b65 7420 6174 2031  send.packet.at.1
	0x0010:  3531 3938 3131 3339 3078 7878 7878 7878  519811390xxxxxxx
	0x0020:  7878 7878 7878 7878 7878 7878 7878 7878  xxxxxxxxxxxxxxxx
	0x0030:  7878 7878 7878 7878 7878 7878 7878 7878  xxxxxxxxxxxxxxxx
	0x0040:  7878 7878 7878 7878 7878 7878 7878       xxxxxxxxxxxxxx
   48  09:49:50.776580 00:aa:aa:aa:aa:aa > 00:aa:aa:aa:aa:00, ethertype 802.1Q (0x8100), length 96: vlan 2824, p 0, ethertype Unknown (0x1234), 
	0x0000:  7365 6e64 2070 6163 6b65 7420 6174 2031  send.packet.at.1
	0x0010:  3531 3938 3131 3339 3078 7878 7878 7878  519811390xxxxxxx
	0x0020:  7878 7878 7878 7878 7878 7878 7878 7878  xxxxxxxxxxxxxxxx
	0x0030:  7878 7878 7878 7878 7878 7878 7878 7878  xxxxxxxxxxxxxxxx
	0x0040:  7878 7878 7878 7878 7878 7878 7878       xxxxxxxxxxxxxx
   49  09:49:50.776596 00:aa:aa:aa:aa:aa > 00:aa:aa:aa:aa:00, ethertype 802.1Q (0x8100), length 96: vlan 2824, p 0, ethertype Unknown (0x1234), 
	0x0000:  7365 6e64 2070 6163 6b65 7420 6174 2031  send.packet.at.1
	0x0010:  3531 3938 3131 3339 3078 7878 7878 7878  519811390xxxxxxx
	0x0020:  7878 7878 7878 7878 7878 7878 7878 7878  xxxxxxxxxxxxxxxx
	0x0030:  7878 7878 7878 7878 7878 7878 7878 7878  xxxxxxxxxxxxxxxx
	0x0040:  7878 7878 7878 7878 7878 7878 7878       xxxxxxxxxxxxxx
   50  09:49:50.776611 00:aa:aa:aa:aa:aa > 00:aa:aa:aa:aa:00, ethertype 802.1Q (0x8100), length 96: vlan 2824, p 0, ethertype Unknown (0x1234), 
	0x0000:  7365 6e64 2070 6163 6b65 7420 6174 2031  send.packet.at.1
	0x0010:  3531 3938 3131 3339 3078 7878 7878 7878  519811390xxxxxxx
	0x0020:  7878 7878 7878 7878 7878 7878 7878 7878  xxxxxxxxxxxxxxxx
	0x0030:  7878 7878 7878 7878 7878 7878 7878 7878  xxxxxxxxxxxxxxxx
	0x0040:  7878 7878 7878 7878 7878 7878 7878       xxxxxxxxxxxxxx
   51  05:59:49.970433 00:11:22:33:44:55 > 00:00:00:00:00:01, ethertype IPv4 (0x0800), length 96: (tos 0x0, ttl 64, id 0, offset 0, flags [none], proto unknown (63), length 82)
    10.136.1.32 > 10.2.23.24:  ip-proto-63 62
   52  05:59:50.129094 00:11:22:33:44:55 > 00:00:00:00:00:01, ethertype 802.1Q (0x8100), length 96: vlan 100, p 0, ethertype IPv4 (0x0800), (tos 0x0, ttl 64, id 0, offset 0, flags [none], proto unknown (63), length 78)
    10.136.1.32 > 10.2.23.24:  ip-proto-63 58
   53  05:59:50.272227 00:11:22:33:44:55 > 00:00:00:00:00:01, ethertype MPLS unicast (0x8847), length 96: MPLS (label 1024, exp 0, [S], ttl 64)
	(tos 0x0, ttl 64, id 0, offset 0, flags [none], proto unknown (63), length 78)
    10.136.1.32 > 10.2.23.24:  ip-proto-63 58
   54  05:59:52.006410 00:11:22:33:44:55 > 00:00:00:00:00:01, ethertype 802.1Q (0x8100), length 96: vlan 100, p 0, ethertype MPLS unicast (0x8847), MPLS (label 1024, exp 0, [S], ttl 64)
	(tos 0x0, ttl 64, id 0, offset 0, flags [none], proto unknown (63), length 74)
    10.136.1.32 > 10.2.23.24:  ip-proto-63 54
   55  06:00:18.309446 00:11:22:33:44:55 > 00:00:00:00:00:01, ethertype Arista Vendor Specific Protocol (0xd28b), length 110: SubType: 0x1, Version: 0x10, Timestamp TAI(64-bit): Seconds: 1556863218, Nanoseconds: 354419375, ethertype IPv4 (0x0800), length 110: (tos 0x0, ttl 64, id 0, offset 0, flags [none], proto unknown (63), length 82)
    10.136.1.32 > 10.2.23.24:  ip-proto-63 62
   56  06:00:18.468228 00:11:22:33:44:55 > 00:00:00:00:00:01, ethertype Arista Vendor Specific Protocol (0xd28b), length 110: SubType: 0x1, Version: 0x10, Timestamp TAI(64-bit): Seconds: 1556863218, Nanoseconds: 513206447, ethertype 802.1Q (0x8100), length 110: vlan 100, p 0, ethertype IPv4 (0x0800), (tos 0x0, ttl 64, id 0, offset 0, flags [none], proto unknown (63), length 78)
    10.136.1.32 > 10.2.23.24:  ip-proto-63 58
   57  06:00:18.619211 00:11:22:33:44:55 > 00:00:00:00:00:01, ethertype Arista Vendor Specific Protocol (0xd28b), length 110: SubType: 0x1, Version: 0x10, Timestamp TAI(64-bit): Seconds: 1556863218, Nanoseconds: 664119968, ethertype MPLS unicast (0x8847), length 110: MPLS (label 1024, exp 0, [S], ttl 64)
	(tos 0x0, ttl 64, id 0, offset 0, flags [none], proto unknown (63), length 78)
    10.136.1.32 > 10.2.23.24:  ip-proto-63 58
   58  06:00:19.915852 00:11:22:33:44:55 > 00:00:00:00:00:01, ethertype Arista Vendor Specific Protocol (0xd28b), length 110: SubType: 0x1, Version: 0x10, Timestamp TAI(64-bit): Seconds: 1556863219, Nanoseconds: 960686207, ethertype 802.1Q (0x8100), length 110: vlan 100, p 0, ethertype MPLS unicast (0x8847), MPLS (label 1024, exp 0, [S], ttl 64)
	(tos 0x0, ttl 64, id 0, offset 0, flags [none], proto unknown (63), length 74)
    10.136.1.32 > 10.2.23.24:  ip-proto-63 54
   59  06:00:45.409292 00:11:22:33:44:55 > 00:00:00:00:00:01, ethertype Arista Vendor Specific Protocol (0xd28b), length 108: SubType: 0x1, Version: 0x20, Timestamp (48-bit): Seconds 55565, Nanoseconds 453934718, ethertype IPv4 (0x0800), length 108: (tos 0x0, ttl 64, id 0, offset 0, flags [none], proto unknown (63), length 82)
    10.136.1.32 > 10.2.23.24:  ip-proto-63 62
   60  06:00:45.576167 00:11:22:33:44:55 > 00:00:00:00:00:01, ethertype Arista Vendor Specific Protocol (0xd28b), length 108: SubType: 0x1, Version: 0x20, Timestamp (48-bit): Seconds 55565, Nanoseconds 620749138, ethertype 802.1Q (0x8100), length 108: vlan 100, p 0, ethertype IPv4 (0x0800), (tos 0x0, ttl 64, id 0, offset 0, flags [none], proto unknown (63), length 78)
    10.136.1.32 > 10.2.23.24:  ip-proto-63 58
   61  06:00:45.736480 00:11:22:33:44:55 > 00:00:00:00:00:01, ethertype Arista Vendor Specific Protocol (0xd28b), length 108: SubType: 0x1, Version: 0x20, Timestamp (48-bit): Seconds 55565, Nanoseconds 781133982, ethertype MPLS unicast (0x8847), length 108: MPLS (label 1024, exp 0, [S], ttl 64)
	(tos 0x0, ttl 64, id 0, offset 0, flags [none], proto unknown (63), length 78)
    10.136.1.32 > 10.2.23.24:  ip-proto-63 58
   62  06:00:46.797035 00:11:22:33:44:55 > 00:00:00:00:00:01, ethertype Arista Vendor Specific Protocol (0xd28b), length 108: SubType: 0x1, Version: 0x20, Timestamp (48-bit): Seconds 55566, Nanoseconds 841618379, ethertype 802.1Q (0x8100), length 108: vlan 100, p 0, ethertype MPLS unicast (0x8847), MPLS (label 1024, exp 0, [S], ttl 64)
	(tos 0x0, ttl 64, id 0, offset 0, flags [none], proto unknown (63), length 74)
    10.136.1.32 > 10.2.23.24:  ip-proto-63 54
